// Jest Snapshot v1, https://goo.gl/fbAQLP

exports[`the unconnected CreamTeamPage component Should render a snapshot of the component 1`] = `
<BuildPokeTeamPage
  data-test="build-team-component"
  handleAddTeam={[Function]}
  type="create"
/>
`;
