// Jest Snapshot v1, https://goo.gl/fbAQLP

exports[`the Searchbar Component Should match the snapshot 1`] = `
<div
  className="search-bar"
  data-test="search-bar-component"
>
  <form
    action=""
    className="search-bar__form"
    data-test="search-bar-form"
    onSubmit={[Function]}
  >
    <span
      className="visuallyhidden"
      htmlFor="search-name"
    >
      Search by name
    </span>
    <input
      className="search-bar__name search-bar__item"
      data-test="search-bar-input"
      id="search-name"
      onChange={[Function]}
      placeholder="Search Pokemon"
      type="text"
      value=""
    />
    <span
      className="visuallyhidden"
      htmlFor="search-type"
    >
      Search pokemon by type
    </span>
    <select
      className="search-bar__type search-bar__item"
      data-test="search-bar-select"
      id="search-type"
      name=""
      onChange={[Function]}
      value="all"
    >
      <option
        value="all"
      >
         all
      </option>
      <option
        value="normal"
      >
        normal
      </option>
      <option
        value="fighting"
      >
        fighting
      </option>
      <option
        value="water"
      >
        water
      </option>
      <option
        value="flying"
      >
        flying
      </option>
      <option
        value="grass"
      >
        grass
      </option>
      <option
        value="poison"
      >
        poison
      </option>
      <option
        value="electric"
      >
        electric
      </option>
      <option
        value="ground"
      >
        ground
      </option>
      <option
        value="psychic"
      >
        psychic
      </option>
      <option
        value="rock"
      >
        rock
      </option>
      <option
        value="ice"
      >
        ice
      </option>
      <option
        value="bug"
      >
        bug
      </option>
      <option
        value="dragon"
      >
        dragon
      </option>
      <option
        value="ghost"
      >
        ghost
      </option>
      <option
        value="dark"
      >
        dark
      </option>
      <option
        value="steel"
      >
        steel
      </option>
      <option
        value="fairy"
      >
        fairy
      </option>
      <option
        value="fire"
      >
        fire
      </option>
    </select>
    <button
      className="search-bar__submit search-bar__item btn"
      data-test="search-bar-submit"
      type="Submit"
    >
      Search
    </button>
  </form>
</div>
`;

exports[`the Searchbar Component Should render a snapshot of the component 1`] = `
<div
  className="search-bar"
  data-test="search-bar-component"
>
  <form
    action=""
    className="search-bar__form"
    data-test="search-bar-form"
    onSubmit={[Function]}
  >
    <span
      className="visuallyhidden"
      htmlFor="search-name"
    >
      Search by name
    </span>
    <input
      className="search-bar__name search-bar__item"
      data-test="search-bar-input"
      id="search-name"
      onChange={[Function]}
      placeholder="Search Pokemon"
      type="text"
      value=""
    />
    <span
      className="visuallyhidden"
      htmlFor="search-type"
    >
      Search pokemon by type
    </span>
    <select
      className="search-bar__type search-bar__item"
      data-test="search-bar-select"
      id="search-type"
      name=""
      onChange={[Function]}
      value="all"
    >
      <option
        value="all"
      >
         all
      </option>
      <option
        value="normal"
      >
        normal
      </option>
      <option
        value="fighting"
      >
        fighting
      </option>
      <option
        value="water"
      >
        water
      </option>
      <option
        value="flying"
      >
        flying
      </option>
      <option
        value="grass"
      >
        grass
      </option>
      <option
        value="poison"
      >
        poison
      </option>
      <option
        value="electric"
      >
        electric
      </option>
      <option
        value="ground"
      >
        ground
      </option>
      <option
        value="psychic"
      >
        psychic
      </option>
      <option
        value="rock"
      >
        rock
      </option>
      <option
        value="ice"
      >
        ice
      </option>
      <option
        value="bug"
      >
        bug
      </option>
      <option
        value="dragon"
      >
        dragon
      </option>
      <option
        value="ghost"
      >
        ghost
      </option>
      <option
        value="dark"
      >
        dark
      </option>
      <option
        value="steel"
      >
        steel
      </option>
      <option
        value="fairy"
      >
        fairy
      </option>
      <option
        value="fire"
      >
        fire
      </option>
    </select>
    <button
      className="search-bar__submit search-bar__item btn"
      data-test="search-bar-submit"
      type="Submit"
    >
      Search
    </button>
  </form>
</div>
`;
